ID	Name	Lon	Lat
1.00	ALEKSANDRÓWKA	767964	719207
2.00	BAKAŁARZEWO	738560	699007
3.00	BIAŁOBRZEGI	761116	666780
4.00	DĘBOWO	760052	646281
5.00	DUBENINKI	733170	719164
6.00	EŁK	720363	668392
7.00	GIŻE	722761	687076
8.00	GOŁDAP	715649	722021
9.00	GRODNO	865875	651475
10.00	JASTRZĘBNA PIERWSZA	778005	660320
11.00	KAUNAS	809860	790685
12.00	KOWALE OLECKIE	722957	705656
13.00	LAZDIJAI	794224	717067
14.00	LIDA	914642	689351
15.00	OLECKO	727945	692899
16.00	RACZKI	747965	686498
17.00	RÓŻANYSTOK	790774	649942
18.00	SEJNY	784286	701598
19.00	SIDORY	754952	718465
20.00	SOSNOWO	759025	655546
21.00	STARY FOLWARK	765993	696790
22.00	SUWAŁKI	757894	703485
23.00	VILNIUS INTL	905351	770425
24.00	ŻYTKIEJMY	740369	726967
